<html>
<body>
<pre>
<h1>µVision Build Log</h1>
<h2>Project:</h2>
C:\Users\ugurs_000\Desktop\Keil\29.10.14_USAT3\USART3.uvproj
Project File Date:  11/16/2014

<h2>Output:</h2>
Build target 'Target 1'
compiling main.c...
main.c(157): error:  #65: expected a ";"
main.c(135): warning:  #550-D: variable "xo" was set but never used
Target not created
Load "C:\\Users\\ugurs_000\\Desktop\\Keil\\29.10.14_USAT3\\USART3.AXF" 
_____^
*** error 56: cannot open file
Build target 'Target 1'
compiling main.c...
main.c(157): error:  #65: expected a ";"
main.c(135): warning:  #550-D: variable "xo" was set but never used
Target not created
Build target 'Target 1'
compiling main.c...
main.c(135): warning:  #550-D: variable "xo" was set but never used
linking...
Program Size: Code=1256 RO-data=424 RW-data=4 ZI-data=1764  
"USART3.axf" - 0 Error(s), 1 Warning(s).
Load "C:\\Users\\ugurs_000\\Desktop\\Keil\\29.10.14_USAT3\\USART3.AXF" 
Build target 'Target 1'
linking...
Program Size: Code=1256 RO-data=424 RW-data=4 ZI-data=1764  
"USART3.axf" - 0 Error(s), 0 Warning(s).
Load "C:\\Users\\ugurs_000\\Desktop\\Keil\\29.10.14_USAT3\\USART3.AXF" 
Erase Done.
Programming Done.
Verify OK.
Build target 'Target 1'
compiling main.c...
main.c(166): error:  #53: expected a ":"
main.c(135): warning:  #550-D: variable "xo" was set but never used
Target not created
Build target 'Target 1'
compiling main.c...
main.c(135): warning:  #550-D: variable "xo" was set but never used
linking...
Program Size: Code=1272 RO-data=424 RW-data=4 ZI-data=1764  
"USART3.axf" - 0 Error(s), 1 Warning(s).
Build target 'Target 1'
compiling main.c...
main.c(135): warning:  #550-D: variable "xo" was set but never used
linking...
Program Size: Code=1272 RO-data=424 RW-data=4 ZI-data=1764  
"USART3.axf" - 0 Error(s), 1 Warning(s).
Load "C:\\Users\\ugurs_000\\Desktop\\Keil\\29.10.14_USAT3\\USART3.AXF" 
Erase Done.
Programming Done.
Verify OK.
Build target 'Target 1'
compiling main.c...
main.c(166): error:  #65: expected a ";"
main.c(166): error:  #65: expected a ";"
main.c(135): warning:  #550-D: variable "xo" was set but never used
Target not created
Build target 'Target 1'
compiling main.c...
main.c(135): warning:  #550-D: variable "xo" was set but never used
linking...
Program Size: Code=1272 RO-data=424 RW-data=4 ZI-data=1764  
"USART3.axf" - 0 Error(s), 1 Warning(s).
Load "C:\\Users\\ugurs_000\\Desktop\\Keil\\29.10.14_USAT3\\USART3.AXF" 
Build target 'Target 1'
compiling main.c...
main.c(166): error:  #18: expected a ")"
main.c(166): error:  #53: expected a ":"
main.c(166): error:  #29: expected an expression
main.c(135): warning:  #550-D: variable "xo" was set but never used
Target not created
Build target 'Target 1'
compiling main.c...
main.c(135): warning:  #550-D: variable "xo" was set but never used
linking...
Program Size: Code=1272 RO-data=424 RW-data=4 ZI-data=1764  
"USART3.axf" - 0 Error(s), 1 Warning(s).
Build target 'Target 1'
compiling main.c...
main.c(135): warning:  #550-D: variable "xo" was set but never used
linking...
Program Size: Code=1256 RO-data=424 RW-data=4 ZI-data=1764  
"USART3.axf" - 0 Error(s), 1 Warning(s).
Load "C:\\Users\\ugurs_000\\Desktop\\Keil\\29.10.14_USAT3\\USART3.AXF" 
Erase Done.
Programming Done.
Verify OK.
